19:47:29 **** Incremental Build of configuration Debug for project STM32_I2C_master ****
make -j4 all 
Building file: ../src/main.c
Invoking: MCU GCC Compiler
D:\GIT\GitHub\STM32_I2C_master\STM32_I2C_master\Debug
arm-none-eabi-gcc -mcpu=cortex-m3 -mthumb -mfloat-abi=soft -DSTM32 -DSTM32F1 -DSTM32F103C8Tx -DDEBUG -DSTM32F10X_MD -DUSE_STDPERIPH_DRIVER -I"D:/GIT/GitHub/STM32_I2C_master/STM32_I2C_master/StdPeriph_Driver/inc" -I"D:/GIT/GitHub/STM32_I2C_master/STM32_I2C_master/inc" -I"D:/GIT/GitHub/STM32_I2C_master/STM32_I2C_master/CMSIS/device" -I"D:/GIT/GitHub/STM32_I2C_master/STM32_I2C_master/CMSIS/core" -O0 -g3 -Wall -fmessage-length=0 -ffunction-sections -c -MMD -MP -MF"src/main.d" -MT"src/main.o" -o "src/main.o" "../src/main.c"
Finished building: ../src/main.c
 
Building target: STM32_I2C_master.elf
Invoking: MCU GCC Linker
arm-none-eabi-gcc -mcpu=cortex-m3 -mthumb -mfloat-abi=soft -T"D:/GIT/GitHub/STM32_I2C_master/STM32_I2C_master/LinkerScript.ld" -Wl,-Map=output.map -Wl,--gc-sections -o "STM32_I2C_master.elf" @"objects.list"   -lm
Finished building target: STM32_I2C_master.elf
 
make --no-print-directory post-build
Generating binary and Printing size information:
arm-none-eabi-objcopy -O binary "STM32_I2C_master.elf" "STM32_I2C_master.bin"
arm-none-eabi-size "STM32_I2C_master.elf"
   text	   data	    bss	    dec	    hex	filename
   4324	   1104	   1092	   6520	   1978	STM32_I2C_master.elf
 
19:47:36 **** Incremental Build of configuration Debug for project STM32_I2C_master ****
make -j4 all 
make: Nothing to be done for 'all'.
19:50:08 **** Incremental Build of configuration Debug for project STM32_I2C_master ****
make -j4 all 
make: Nothing to be done for 'all'.
